Inside KII.c
[ using our own SGX-measurement verification callback (via command line options) ]
  - ignoring ISV_PROD_ID
  - ignoring ISV_SVN

  . Seeding the random number generator... ok
  . Connecting to tcp/localhost/4434... failed
  ! mbedtls_net_connect returned -68

 failed
  ! mbedtls_net_connect returned -68

 failed
  ! mbedtls_net_connect returned -68

 failed
  ! mbedtls_net_connect returned -68

 ok
  . Setting up the SSL/TLS structure... ok
 ok
  . Installing RA-TLS callback ... ok
  . Performing the SSL/TLS handshake...ssl_tls13_generic.c:1651: Perform PSA-based ECDH/FFDH computation.

ssl_tls13_generic.c:1689: psa_generate_key() returned -27648 (-0x6c00)

 failed
  ! mbedtls_ssl_handshake returned -0x6c00
  ! ra_tls_verify_callback_results:
    attestation_scheme=0, err_loc=0, 
  ! unknown attestation scheme!

Last error was: -27648 - SSL - Internal error (eg, unexpected failure in lower-level module)

