Starting player 0 with enclave mr_enclave: dd4f8312a676faf89531b5f63db8b7eb0f637496516afe77a498d7db74c27469 and mr_signer: 581e423ea8652f4e7c4d2ef0366970617f739fa39bffe027f5e619a22103dccf
Player 0 session complete.
Gramine is starting. Parsing TOML manifest file, this may take some time...
-----------------------------------------------------------------------------------------------------------------------
Gramine detected the following insecure configurations:

  - sgx.debug = true                           (this is a debug enclave)
  - loader.insecure__use_cmdline_argv = true   (forwarding command-line args from untrusted host to the app)
  - loader.insecure__use_host_env = true       (forwarding environment vars from untrusted host to the app)
  - sgx.allowed_files = [ ... ]                (some files are passed through from untrusted host without verification)

Gramine will continue application execution, but this configuration must not be used in production!
-----------------------------------------------------------------------------------------------------------------------

Entered the CRG main function.

GENERATED SEED ------- :f2c9be9cde4fe91f
Getting environment variables ...kii_job_id_defined: 1920bb26-dsee-dzfw-vdsdsa14fds4
Player 0 endpoint: 127.0.0.1:1026Player 1 endpoint: 127.0.0.1:1025ok
Local attestation starts . . .Inside local attestation function
  . Seeding the random number generator... ok

  . Creating the RA-TLS server cert and key (using "dcap" as attestation type)... ok
Hello  . Bind on https://localhost:4433/ ... ok
  . Setting up the SSL data.... ok
  . Waiting for a remote connection ... ok
  . Performing the SSL/TLS handshake...opened successfully: Invalid argument
opened successfully: Invalid argument
opened successfully: Invalid argument
opened successfully: Invalid argument
execvp failed: Invalid argument
 ok
 75 bytes read 
 f0cf6099e629fd0bda2de3f9515ab72b'-88222337191559387830816715872691188861inux-
Received for 0: mackeyshare_2=f0cf6099e629fd0bda2de3f9515ab72b  mackeyshare_p=-88222337191559387830816715872691188861
Player no: 0 
mackeyshare_2=f0cf6099e629fd0bda2de3f9515ab72b  mackeyshare_p=-88222337191559387830816715872691188861
  . Closing the connection... ok
End of CRG.c local attestation
******************Player 0:-88222337191559387830816715872691188861
Player 0: f0cf6099e629fd0bda2de3f9515ab72b
Player 1: 
Player 1: 



FINAL FINAL ATTESTATION :
Player 0:-88222337191559387830816715872691188861
Player 0: f0cf6099e629fd0bda2de3f9515ab72b
Player 1: 
Player 1: 
SEED : f2c9be9cde4fe91f
End of Remote attestation..
step 4 completeProviding parameters for field p-128 in folder Player-Data/
-88222337191559387830816715872691188861
----- TRYING TO WRITE for MAC key share for player 0 written to Player-Data/2-p-128/Player-MAC-Keys-p-P0
MAC key share for player 0 written to Player-Data/2-p-128/Player-MAC-Keys-p-P0

----- TRYING TO WRITE for MAC key share for player 1 written to Player-Data/2-p-128/Player-MAC-Keys-p-P1
MAC key share for player 1 written to Player-Data/2-p-128/Player-MAC-Keys-p-P1
Providing parameters for field 2-40 in folder Player-Data/
f0cf6099e629fd0bda2de3f9515ab72b
----- TRYING TO WRITE for MAC key share for player 0 written to Player-Data/2-2-40/Player-MAC-Keys-2-P0
MAC key share for player 0 written to Player-Data/2-2-40/Player-MAC-Keys-2-P0

----- TRYING TO WRITE for MAC key share for player 1 written to Player-Data/2-2-40/Player-MAC-Keys-2-P1
MAC key share for player 1 written to Player-Data/2-2-40/Player-MAC-Keys-2-P1
mac key created../Fake-Offline.x -d 0 --prime 198766463529478683931867765928436695041 --prngseed f2c9be9cde4fe91f --nbits 0,10000 2 
